ELFF8888HTTTDDPtdXXXttQtdRtdlib64ldlinuxx8664so2GNUGNU8cgNNfUa9dIPC8kW1rylibcso6exitfopenftellstdintolowerrewindstrtokfeoffgetcfgetsstrlenmemsetfseekmemcpyfclosemallocstrcatctypeblocstderrfwritefprintfcxafinalizestrcmplibcstartmainfreeGLIBC23GLIBC214GLIBC225ITMderegisterTMCloneTablegmonstartITMregisterTMCloneTableiiui08HPXhpxHHHtH5hhhhhhhzhprhjhPbhZh0RhJhBhh2hhhhhhf1IHHPTLHHDHUHH9HtHHtffHH5UHHHHHHHtHqHtffuHGUHtHJHyfDUHfUHHHutHHHHHHzgH1H5HHEHHHH5QHrHEHHHHHHHxHHUHHHHEHEEEEUHEHEEEE1EEEErEEE1EEEHEUHHHHuHUHEHHLEtUHHPHHEH5HHEHu5HEHHHHUH5HHEHuHEHIHEHHEHEHEHCEHHHE6HUMHEHHHHEH5HHEH5lHEHHHEHHYHEHEHHAHEHEHqHHMHEHHHEHOHHMHEHHHEHEHEHEHEHHPHEHuHEHHPHEHHHUHMHHHEHHEHHEHUHHpEEEHHEHEEHH4HEEHHHEEHHHEEHcHEHgEHcHEHPEHcHEH9EHcHEHEHoHEtpEMfXrXeEHHfHEEHcHEHEHcHMHEHHHEHFHEHEHHUHHEHcHEHEEHcHEHEEHcHEHEEHcHEHEHcHEHEHcHEHdEHcHEHExHHUHHuuHEHHPHEHEHHPHEHEHHPHEHHHUHHHEHuBHHUHHHEHuHHUHHHEHt0HUHEHHHEHEEEHUHEHHEHcHEHEEHcHEHEHcHEHnEHcHEHWEEhHHUHHHHEHEHEHEHHEHEHHHEHHHEHHuEHT9ErHFHHZH3HKHEHHEH3HEHHEHEEEHEHHEhHHUHHHHEHEHEHEHHEHEHHHEHHHEHHuEHV9ErHHHHH5HMHEHAHEH5HEHHEHUHH0HuHUEHEHuHHHHEUEHHHHHEHPHEHHuHXHHEHEHUHcHHHEEEHEHUHPHEHUHPHEUHHHHuHUHEHHUHEHEHuHHHHEHUHHHHuqHEHUHHHEHHEHUHHHHUHPHEHUHHHHUHHEHUHHHHHEHUHHHHEHEHHEHEHHuHEHUHPUHHHHuHEHHUHEHEHUHHHHE5HEHHUHHMHHtHEHHEHHEHtHEHHuAWAVIAUATLUHSAILHHHt1LLDAHH9uHAAAAfHHSpecifyadictionaryCreatinghashtableLoadingdictionarysDictionaryloadedProcessingstdinrsnotfoundindirectorysffffffmallocfailedmallocfailedtxc78HzRxzRxpFJw3DACrACACuACnACiVAC5AC0OACDeBBEBH0H8Mr8A0ABBBBo00ooooov6FVfvGCCUbuntu7503ubuntu11804750lVllkey5Pintfq66YSSUSSSkS0S8SSHSPcSXhp5txIHpw0235E9YYUJUUOAUJC4PYnmcYfSSSHSPSXXSLhiiwFwSkeyxSPxSX2xSHxSxShyzyMs1Xs2PlHsHXIdiIhlenIllSqlVukey5Pintf5qZTTUTTTkT0T8TTHTPcTXhp5txI05Ipw02359aZ5ZKJKKOAKJCELLXkeyLPNQdRhZ5hHkeyNdhVPPHidhI8I8IIII4II8II4II4GB4I4I4I4IBIIBII8I8IIIII8II4I4IIBII4IBIB4Iqsrcusrlibgccx8664linuxgnu7includeusrincludex8664linuxgnubitsusrincludex8664linuxgnubitstypesusrincludephilphixchashtablehstddefhtypeshlibiohFILEhphilphixhstdiohctypehgYJg1ZhxZYZgLuviggghfvg0hf01gggw0zpJXJy0zpJsrcusrlibgccx8664linuxgnu7includeusrincludex8664linuxgnubitsusrincludehashtablechashtablehstddefhtypeshlibiohstdiohVuuJK6vBtYofftIOreadptrchainsizetwalkershortbufISgraphISspacedictNameIO21stderrIObufbasehomecccs61csu21classcs61cadtprojectsproj1philphixISalphaISdigitlonglongintfilenoIOreadendloweredIO21stdoutflagsIObufendresultoldoffsetISblankISpuncttemppointertempIOmarkerstdinequalFunctionGNUC99750mtunegenericmarchx8664gstdc99fstackprotectorstronglongunsignedintIOFILEplustempdataIOwriteptrsbufshortunsignedintnextbucketIOsavebaseHashBucketstringHashlockflags2modestdoutIO21stdinprocessInputwordIOwriteendstringEqualsIOlocktIOFILElowercasestartingsizeposmarkersunsignedcharshortintvtableoffsettempkeysrcphilphixclengthdictionarytextIScntrlISxdigitISlowerbuffernextoff64tcurcolumnIOreadbaseIOsaveendpad1pad2pad3pad4pad5unused2stderrargvISalnumISupperIObackupbasehashnumhashFunctionargcreadDictionarymainIOwritebaseISprintdictfilefilesizeinsertDatacreateHashTabletablefindDatahashbuckrownewTablenewhashbucksrchashtablec8Tt0XP7HFmyX5QdZ5ovJV5IqeX38nEXlPcrtstuffcderegistertmclonesdoglobaldtorsauxcompleted7698doglobaldtorsauxfiniarrayentryframedummyframedummyinitarrayentryphilphixchashtablecFRAMEENDinitarrayendDYNAMICinitarraystartGNUEHFRAMEHDRGLOBALOFFSETTABLElibccsufinifreeGLIBC225ITMderegisterTMCloneTablestdinGLIBC225insertDataedatafcloseGLIBC225strlenGLIBC225rewindGLIBC225memsetGLIBC225fgetcGLIBC225createHashTablelibcstartmainGLIBC225stringEqualsfgetsGLIBC225datastartstrcmpGLIBC225fprintfGLIBC225ftellGLIBC225feofGLIBC225gmonstartdsohandlememcpyGLIBC214IOstdinusedtolowerGLIBC225libccsuinitmallocGLIBC225fseekGLIBC225stringHashbssstartreadDictionarymainprocessInputfopenGLIBC225strtokGLIBC225strcatGLIBC225exitGLIBC225fwriteGLIBC225TMCENDITMregisterTMCloneTablefindDatacxafinalizeGLIBC225ctypeblocGLIBC23stderrGLIBC225dictionarysymtabstrtabshstrtabinterpnoteABItagnotegnubuildidgnuhashdynsymdynstrgnuversiongnuversionrreladynrelapltinitpltgottextfinirodataehframehdrehframeinitarrayfiniarraydynamicdatabsscommentdebugarangesdebuginfodebugabbrevdebuglinedebugstr88TT1ttDoNV0okozB00pXXt809L2302371AAE